// Jest Snapshot v1, https://goo.gl/fbAQLP

exports[`modal slider from product detail should match snapshot 1`] = `
"<div class=\\"modal__slider\\" style=\\"top: -100vh;\\">
  <!---->
</div>"
`;
