// Jest Snapshot v1, https://goo.gl/fbAQLP

exports[`product card should match snapshot 1`] = `
"<b-card img-src=\\"jpg\\" img-alt=\\"Lorem Ipsum is simply dummy text of the printing and typesetting industry. Lorem Ipsum has been the industrys standard dummy text ever since the 1500s, when an unknown printer took a galley of type and scrambled it to make a type specimen book.\\" sub-title=\\"Test brand for product\\" title=\\"Lorem Ipsum is simpl...\\" img-top=\\"\\" tag=\\"article\\" class=\\"card mb-4\\">
  <b-card-text>
    Lorem Ipsum is simply dummy text of the printing a...
  </b-card-text> <button class=\\"card__button\\">
    Mas informacion
  </button> <span><b-icon icon=\\"check2\\" variant=\\"success\\"></b-icon>
    En stock
  </span>
</b-card>"
`;
